[0.944s] DEBUG:colcon:Command line arguments: ['/usr/bin/colcon', 'build']
[0.945s] DEBUG:colcon:Parsed command line arguments: Namespace(log_base=None, log_level=None, verb_name='build', build_base='build', install_base='install', merge_install=False, symlink_install=False, test_result_base=None, continue_on_error=False, executor='parallel', parallel_workers=4, event_handlers=None, ignore_user_meta=False, metas=['./colcon.meta'], base_paths=['.'], packages_ignore=None, packages_ignore_regex=None, paths=None, packages_up_to=None, packages_up_to_regex=None, packages_above=None, packages_above_and_dependencies=None, packages_above_depth=None, packages_select_by_dep=None, packages_skip_by_dep=None, packages_skip_up_to=None, packages_select_build_failed=False, packages_skip_build_finished=False, packages_select_test_failures=False, packages_skip_test_passed=False, packages_select=None, packages_skip=None, packages_select_regex=None, packages_skip_regex=None, packages_start=None, packages_end=None, allow_overriding=[], cmake_args=None, cmake_target=None, cmake_target_skip_unavailable=False, cmake_clean_cache=False, cmake_clean_first=False, cmake_force_configure=False, ament_cmake_args=None, catkin_cmake_args=None, catkin_skip_building_tests=False, verb_parser=<colcon_defaults.argument_parser.defaults.DefaultArgumentsDecorator object at 0xffffb8a62290>, verb_extension=<colcon_core.verb.build.BuildVerb object at 0xffffb8b6f760>, main=<bound method BuildVerb.main of <colcon_core.verb.build.BuildVerb object at 0xffffb8b6f760>>)
[2.343s] Level 1:colcon.colcon_core.package_discovery:discover_packages(colcon_meta) check parameters
[2.344s] Level 1:colcon.colcon_core.package_discovery:discover_packages(recursive) check parameters
[2.344s] Level 1:colcon.colcon_core.package_discovery:discover_packages(ignore) check parameters
[2.344s] Level 1:colcon.colcon_core.package_discovery:discover_packages(path) check parameters
[2.344s] Level 1:colcon.colcon_core.package_discovery:discover_packages(colcon_meta) discover
[2.344s] Level 1:colcon.colcon_core.package_discovery:discover_packages(recursive) discover
[2.345s] INFO:colcon.colcon_core.package_discovery:Crawling recursively for packages in '/home/anudeep/rosnav/ros2_ws'
[2.345s] Level 1:colcon.colcon_core.package_identification:_identify(.) by extensions ['ignore', 'ignore_ament_install']
[2.345s] Level 1:colcon.colcon_core.package_identification:_identify(.) by extension 'ignore'
[2.346s] Level 1:colcon.colcon_core.package_identification:_identify(.) by extension 'ignore_ament_install'
[2.346s] Level 1:colcon.colcon_core.package_identification:_identify(.) by extensions ['colcon_pkg']
[2.346s] Level 1:colcon.colcon_core.package_identification:_identify(.) by extension 'colcon_pkg'
[2.346s] Level 1:colcon.colcon_core.package_identification:_identify(.) by extensions ['colcon_meta']
[2.347s] Level 1:colcon.colcon_core.package_identification:_identify(.) by extension 'colcon_meta'
[2.347s] Level 1:colcon.colcon_core.package_identification:_identify(.) by extensions ['ros']
[2.347s] Level 1:colcon.colcon_core.package_identification:_identify(.) by extension 'ros'
[2.461s] Level 1:colcon.colcon_core.package_identification:_identify(.) by extensions ['cmake', 'python']
[2.461s] Level 1:colcon.colcon_core.package_identification:_identify(.) by extension 'cmake'
[2.461s] Level 1:colcon.colcon_core.package_identification:_identify(.) by extension 'python'
[2.461s] Level 1:colcon.colcon_core.package_identification:_identify(.) by extensions ['python_setup_py']
[2.462s] Level 1:colcon.colcon_core.package_identification:_identify(.) by extension 'python_setup_py'
[2.462s] Level 1:colcon.colcon_core.package_identification:_identify(build) by extensions ['ignore', 'ignore_ament_install']
[2.462s] Level 1:colcon.colcon_core.package_identification:_identify(build) by extension 'ignore'
[2.463s] Level 1:colcon.colcon_core.package_identification:_identify(build) ignored
[2.463s] Level 1:colcon.colcon_core.package_identification:_identify(install) by extensions ['ignore', 'ignore_ament_install']
[2.463s] Level 1:colcon.colcon_core.package_identification:_identify(install) by extension 'ignore'
[2.464s] Level 1:colcon.colcon_core.package_identification:_identify(install) ignored
[2.464s] Level 1:colcon.colcon_core.package_identification:_identify(log) by extensions ['ignore', 'ignore_ament_install']
[2.464s] Level 1:colcon.colcon_core.package_identification:_identify(log) by extension 'ignore'
[2.464s] Level 1:colcon.colcon_core.package_identification:_identify(log) ignored
[2.466s] Level 1:colcon.colcon_core.package_identification:_identify(src) by extensions ['ignore', 'ignore_ament_install']
[2.467s] Level 1:colcon.colcon_core.package_identification:_identify(src) by extension 'ignore'
[2.467s] Level 1:colcon.colcon_core.package_identification:_identify(src) by extension 'ignore_ament_install'
[2.467s] Level 1:colcon.colcon_core.package_identification:_identify(src) by extensions ['colcon_pkg']
[2.467s] Level 1:colcon.colcon_core.package_identification:_identify(src) by extension 'colcon_pkg'
[2.467s] Level 1:colcon.colcon_core.package_identification:_identify(src) by extensions ['colcon_meta']
[2.467s] Level 1:colcon.colcon_core.package_identification:_identify(src) by extension 'colcon_meta'
[2.468s] Level 1:colcon.colcon_core.package_identification:_identify(src) by extensions ['ros']
[2.468s] Level 1:colcon.colcon_core.package_identification:_identify(src) by extension 'ros'
[2.468s] Level 1:colcon.colcon_core.package_identification:_identify(src) by extensions ['cmake', 'python']
[2.468s] Level 1:colcon.colcon_core.package_identification:_identify(src) by extension 'cmake'
[2.468s] Level 1:colcon.colcon_core.package_identification:_identify(src) by extension 'python'
[2.469s] Level 1:colcon.colcon_core.package_identification:_identify(src) by extensions ['python_setup_py']
[2.469s] Level 1:colcon.colcon_core.package_identification:_identify(src) by extension 'python_setup_py'
[2.471s] Level 1:colcon.colcon_core.package_identification:_identify(src/rosnav_driver) by extensions ['ignore', 'ignore_ament_install']
[2.471s] Level 1:colcon.colcon_core.package_identification:_identify(src/rosnav_driver) by extension 'ignore'
[2.471s] Level 1:colcon.colcon_core.package_identification:_identify(src/rosnav_driver) by extension 'ignore_ament_install'
[2.471s] Level 1:colcon.colcon_core.package_identification:_identify(src/rosnav_driver) by extensions ['colcon_pkg']
[2.472s] Level 1:colcon.colcon_core.package_identification:_identify(src/rosnav_driver) by extension 'colcon_pkg'
[2.472s] Level 1:colcon.colcon_core.package_identification:_identify(src/rosnav_driver) by extensions ['colcon_meta']
[2.472s] Level 1:colcon.colcon_core.package_identification:_identify(src/rosnav_driver) by extension 'colcon_meta'
[2.472s] Level 1:colcon.colcon_core.package_identification:_identify(src/rosnav_driver) by extensions ['ros']
[2.472s] Level 1:colcon.colcon_core.package_identification:_identify(src/rosnav_driver) by extension 'ros'
[2.490s] DEBUG:colcon.colcon_core.package_identification:Package 'src/rosnav_driver' with type 'ros.ament_python' and name 'rosnav_driver'
[2.490s] Level 1:colcon.colcon_core.package_discovery:discover_packages(recursive) using defaults
[2.490s] Level 1:colcon.colcon_core.package_discovery:discover_packages(ignore) discover
[2.491s] Level 1:colcon.colcon_core.package_discovery:discover_packages(ignore) using defaults
[2.491s] Level 1:colcon.colcon_core.package_discovery:discover_packages(path) discover
[2.491s] Level 1:colcon.colcon_core.package_discovery:discover_packages(path) using defaults
[2.633s] Level 1:colcon.colcon_core.package_discovery:discover_packages(prefix_path) check parameters
[2.634s] Level 1:colcon.colcon_core.package_discovery:discover_packages(prefix_path) discover
[2.656s] DEBUG:colcon.colcon_installed_package_information.package_discovery:Found 1 installed packages in /home/anudeep/rosnav/ros2_ws/install
[2.666s] DEBUG:colcon.colcon_installed_package_information.package_discovery:Found 244 installed packages in /opt/ros/humble
[2.673s] Level 1:colcon.colcon_core.package_discovery:discover_packages(prefix_path) using defaults
[2.859s] Level 5:colcon.colcon_core.verb:set package 'rosnav_driver' build argument 'cmake_args' from command line to 'None'
[2.859s] Level 5:colcon.colcon_core.verb:set package 'rosnav_driver' build argument 'cmake_target' from command line to 'None'
[2.859s] Level 5:colcon.colcon_core.verb:set package 'rosnav_driver' build argument 'cmake_target_skip_unavailable' from command line to 'False'
[2.859s] Level 5:colcon.colcon_core.verb:set package 'rosnav_driver' build argument 'cmake_clean_cache' from command line to 'False'
[2.859s] Level 5:colcon.colcon_core.verb:set package 'rosnav_driver' build argument 'cmake_clean_first' from command line to 'False'
[2.860s] Level 5:colcon.colcon_core.verb:set package 'rosnav_driver' build argument 'cmake_force_configure' from command line to 'False'
[2.860s] Level 5:colcon.colcon_core.verb:set package 'rosnav_driver' build argument 'ament_cmake_args' from command line to 'None'
[2.860s] Level 5:colcon.colcon_core.verb:set package 'rosnav_driver' build argument 'catkin_cmake_args' from command line to 'None'
[2.860s] Level 5:colcon.colcon_core.verb:set package 'rosnav_driver' build argument 'catkin_skip_building_tests' from command line to 'False'
[2.860s] DEBUG:colcon.colcon_core.verb:Building package 'rosnav_driver' with the following arguments: {'ament_cmake_args': None, 'build_base': '/home/anudeep/rosnav/ros2_ws/build/rosnav_driver', 'catkin_cmake_args': None, 'catkin_skip_building_tests': False, 'cmake_args': None, 'cmake_clean_cache': False, 'cmake_clean_first': False, 'cmake_force_configure': False, 'cmake_target': None, 'cmake_target_skip_unavailable': False, 'install_base': '/home/anudeep/rosnav/ros2_ws/install/rosnav_driver', 'merge_install': False, 'path': '/home/anudeep/rosnav/ros2_ws/src/rosnav_driver', 'symlink_install': False, 'test_result_base': None}
[2.860s] INFO:colcon.colcon_core.executor:Executing jobs using 'parallel' executor
[2.864s] DEBUG:colcon.colcon_parallel_executor.executor.parallel:run_until_complete
[2.865s] INFO:colcon.colcon_ros.task.ament_python.build:Building ROS package in '/home/anudeep/rosnav/ros2_ws/src/rosnav_driver' with build type 'ament_python'
[2.865s] Level 1:colcon.colcon_core.shell:create_environment_hook('rosnav_driver', 'ament_prefix_path')
[2.901s] INFO:colcon.colcon_core.plugin_system:Skipping extension 'colcon_core.shell.bat': Not used on non-Windows systems
[2.902s] INFO:colcon.colcon_core.shell:Creating environment hook '/home/anudeep/rosnav/ros2_ws/install/rosnav_driver/share/rosnav_driver/hook/ament_prefix_path.ps1'
[2.909s] INFO:colcon.colcon_core.shell:Creating environment descriptor '/home/anudeep/rosnav/ros2_ws/install/rosnav_driver/share/rosnav_driver/hook/ament_prefix_path.dsv'
[2.923s] INFO:colcon.colcon_core.shell:Creating environment hook '/home/anudeep/rosnav/ros2_ws/install/rosnav_driver/share/rosnav_driver/hook/ament_prefix_path.sh'
[2.931s] INFO:colcon.colcon_core.shell:Skip shell extension 'powershell' for command environment: Not usable outside of PowerShell
[2.932s] DEBUG:colcon.colcon_core.shell:Skip shell extension 'dsv' for command environment
[3.991s] INFO:colcon.colcon_core.task.python.build:Building Python package in '/home/anudeep/rosnav/ros2_ws/src/rosnav_driver'
[3.992s] INFO:colcon.colcon_core.shell:Skip shell extension 'powershell' for command environment: Not usable outside of PowerShell
[3.992s] DEBUG:colcon.colcon_core.shell:Skip shell extension 'dsv' for command environment
[6.488s] DEBUG:colcon.colcon_core.event_handler.log_command:Invoking command in '/home/anudeep/rosnav/ros2_ws/src/rosnav_driver': PYTHONPATH=/home/anudeep/rosnav/ros2_ws/build/rosnav_driver/prefix_override:/usr/lib/python3/dist-packages/colcon_core/task/python/colcon_distutils_commands:/home/anudeep/rosnav/ros2_ws/install/rosnav_driver/lib/python3.10/site-packages:${PYTHONPATH} /usr/bin/python3 -W ignore:setup.py install is deprecated -W ignore:easy_install command is deprecated setup.py egg_info --egg-base ../../build/rosnav_driver build --build-base /home/anudeep/rosnav/ros2_ws/build/rosnav_driver/build install --record /home/anudeep/rosnav/ros2_ws/build/rosnav_driver/install.log --single-version-externally-managed install_data
[7.680s] DEBUG:colcon.colcon_core.event_handler.log_command:Invoked command in '/home/anudeep/rosnav/ros2_ws/src/rosnav_driver' returned '0': PYTHONPATH=/home/anudeep/rosnav/ros2_ws/build/rosnav_driver/prefix_override:/usr/lib/python3/dist-packages/colcon_core/task/python/colcon_distutils_commands:/home/anudeep/rosnav/ros2_ws/install/rosnav_driver/lib/python3.10/site-packages:${PYTHONPATH} /usr/bin/python3 -W ignore:setup.py install is deprecated -W ignore:easy_install command is deprecated setup.py egg_info --egg-base ../../build/rosnav_driver build --build-base /home/anudeep/rosnav/ros2_ws/build/rosnav_driver/build install --record /home/anudeep/rosnav/ros2_ws/build/rosnav_driver/install.log --single-version-externally-managed install_data
[7.724s] Level 1:colcon.colcon_core.environment:checking '/home/anudeep/rosnav/ros2_ws/install/rosnav_driver' for CMake module files
[7.728s] Level 1:colcon.colcon_core.environment:checking '/home/anudeep/rosnav/ros2_ws/install/rosnav_driver' for CMake config files
[7.733s] Level 1:colcon.colcon_core.environment:checking '/home/anudeep/rosnav/ros2_ws/install/rosnav_driver/lib'
[7.734s] Level 1:colcon.colcon_core.environment:checking '/home/anudeep/rosnav/ros2_ws/install/rosnav_driver/bin'
[7.734s] Level 1:colcon.colcon_core.environment:checking '/home/anudeep/rosnav/ros2_ws/install/rosnav_driver/lib/pkgconfig/rosnav_driver.pc'
[7.735s] Level 1:colcon.colcon_core.environment:checking '/home/anudeep/rosnav/ros2_ws/install/rosnav_driver/lib/python3.10/site-packages'
[7.735s] Level 1:colcon.colcon_core.shell:create_environment_hook('rosnav_driver', 'pythonpath')
[7.737s] INFO:colcon.colcon_core.shell:Creating environment hook '/home/anudeep/rosnav/ros2_ws/install/rosnav_driver/share/rosnav_driver/hook/pythonpath.ps1'
[7.739s] INFO:colcon.colcon_core.shell:Creating environment descriptor '/home/anudeep/rosnav/ros2_ws/install/rosnav_driver/share/rosnav_driver/hook/pythonpath.dsv'
[7.741s] INFO:colcon.colcon_core.shell:Creating environment hook '/home/anudeep/rosnav/ros2_ws/install/rosnav_driver/share/rosnav_driver/hook/pythonpath.sh'
[7.744s] Level 1:colcon.colcon_core.environment:checking '/home/anudeep/rosnav/ros2_ws/install/rosnav_driver/bin'
[7.744s] Level 1:colcon.colcon_core.environment:create_environment_scripts_only(rosnav_driver)
[7.746s] INFO:colcon.colcon_core.shell:Creating package script '/home/anudeep/rosnav/ros2_ws/install/rosnav_driver/share/rosnav_driver/package.ps1'
[7.758s] INFO:colcon.colcon_core.shell:Creating package descriptor '/home/anudeep/rosnav/ros2_ws/install/rosnav_driver/share/rosnav_driver/package.dsv'
[7.768s] INFO:colcon.colcon_core.shell:Creating package script '/home/anudeep/rosnav/ros2_ws/install/rosnav_driver/share/rosnav_driver/package.sh'
[7.778s] INFO:colcon.colcon_core.shell:Creating package script '/home/anudeep/rosnav/ros2_ws/install/rosnav_driver/share/rosnav_driver/package.bash'
[7.791s] INFO:colcon.colcon_core.shell:Creating package script '/home/anudeep/rosnav/ros2_ws/install/rosnav_driver/share/rosnav_driver/package.zsh'
[7.801s] Level 1:colcon.colcon_core.environment:create_file_with_runtime_dependencies(/home/anudeep/rosnav/ros2_ws/install/rosnav_driver/share/colcon-core/packages/rosnav_driver)
[7.803s] DEBUG:colcon.colcon_parallel_executor.executor.parallel:closing loop
[7.804s] DEBUG:colcon.colcon_parallel_executor.executor.parallel:loop closed
[7.805s] DEBUG:colcon.colcon_parallel_executor.executor.parallel:run_until_complete finished with '0'
[7.805s] DEBUG:colcon.colcon_core.event_reactor:joining thread
[7.847s] INFO:colcon.colcon_core.plugin_system:Skipping extension 'colcon_notification.desktop_notification.notify_send': Could not find 'notify-send'
[7.847s] INFO:colcon.colcon_core.plugin_system:Skipping extension 'colcon_notification.desktop_notification.terminal_notifier': Not used on non-Darwin systems
[7.848s] INFO:colcon.colcon_core.plugin_system:Skipping extension 'colcon_notification.desktop_notification.win32': Not used on non-Windows systems
[7.848s] INFO:colcon.colcon_notification.desktop_notification:Sending desktop notification using 'notify2'
[7.988s] DEBUG:colcon.colcon_notification.desktop_notification.notify2:Failed to initialize notify2: org.freedesktop.DBus.Error.ServiceUnknown: The name org.freedesktop.Notifications was not provided by any .service files
[7.988s] DEBUG:colcon.colcon_core.event_reactor:joined thread
[7.989s] INFO:colcon.colcon_core.shell:Creating prefix script '/home/anudeep/rosnav/ros2_ws/install/local_setup.ps1'
[7.995s] INFO:colcon.colcon_core.shell:Creating prefix util module '/home/anudeep/rosnav/ros2_ws/install/_local_setup_util_ps1.py'
[8.009s] INFO:colcon.colcon_core.shell:Creating prefix chain script '/home/anudeep/rosnav/ros2_ws/install/setup.ps1'
[8.021s] INFO:colcon.colcon_core.shell:Creating prefix script '/home/anudeep/rosnav/ros2_ws/install/local_setup.sh'
[8.032s] INFO:colcon.colcon_core.shell:Creating prefix util module '/home/anudeep/rosnav/ros2_ws/install/_local_setup_util_sh.py'
[8.036s] INFO:colcon.colcon_core.shell:Creating prefix chain script '/home/anudeep/rosnav/ros2_ws/install/setup.sh'
[8.048s] INFO:colcon.colcon_core.shell:Creating prefix script '/home/anudeep/rosnav/ros2_ws/install/local_setup.bash'
[8.058s] INFO:colcon.colcon_core.shell:Creating prefix chain script '/home/anudeep/rosnav/ros2_ws/install/setup.bash'
[8.066s] INFO:colcon.colcon_core.shell:Creating prefix script '/home/anudeep/rosnav/ros2_ws/install/local_setup.zsh'
[8.074s] INFO:colcon.colcon_core.shell:Creating prefix chain script '/home/anudeep/rosnav/ros2_ws/install/setup.zsh'
