running egg_info
writing ../../build/rosnav_driver/rosnav_driver.egg-info/PKG-INFO
writing dependency_links to ../../build/rosnav_driver/rosnav_driver.egg-info/dependency_links.txt
writing entry points to ../../build/rosnav_driver/rosnav_driver.egg-info/entry_points.txt
writing requirements to ../../build/rosnav_driver/rosnav_driver.egg-info/requires.txt
writing top-level names to ../../build/rosnav_driver/rosnav_driver.egg-info/top_level.txt
reading manifest file '../../build/rosnav_driver/rosnav_driver.egg-info/SOURCES.txt'
writing manifest file '../../build/rosnav_driver/rosnav_driver.egg-info/SOURCES.txt'
running build
running build_py
running install
running install_lib
running install_data
running install_egg_info
removing '/home/anudeep/rosnav/ros2_ws/install/rosnav_driver/lib/python3.10/site-packages/rosnav_driver-1.0.0-py3.10.egg-info' (and everything under it)
Copying ../../build/rosnav_driver/rosnav_driver.egg-info to /home/anudeep/rosnav/ros2_ws/install/rosnav_driver/lib/python3.10/site-packages/rosnav_driver-1.0.0-py3.10.egg-info
running install_scripts
Installing serial_bridge script to /home/anudeep/rosnav/ros2_ws/install/rosnav_driver/lib/rosnav_driver
Installing waypoint_nav script to /home/anudeep/rosnav/ros2_ws/install/rosnav_driver/lib/rosnav_driver
writing list of installed files to '/home/anudeep/rosnav/ros2_ws/build/rosnav_driver/install.log'
