[3.621s] Invoking command in '/home/anudeep/rosnav/ros2_ws/src/rosnav_driver': PYTHONPATH=/home/anudeep/rosnav/ros2_ws/build/rosnav_driver/prefix_override:/usr/lib/python3/dist-packages/colcon_core/task/python/colcon_distutils_commands:/home/anudeep/rosnav/ros2_ws/install/rosnav_driver/lib/python3.10/site-packages:${PYTHONPATH} /usr/bin/python3 -W ignore:setup.py install is deprecated -W ignore:easy_install command is deprecated setup.py egg_info --egg-base ../../build/rosnav_driver build --build-base /home/anudeep/rosnav/ros2_ws/build/rosnav_driver/build install --record /home/anudeep/rosnav/ros2_ws/build/rosnav_driver/install.log --single-version-externally-managed install_data
[4.550s] running egg_info
[4.552s] writing ../../build/rosnav_driver/rosnav_driver.egg-info/PKG-INFO
[4.555s] writing dependency_links to ../../build/rosnav_driver/rosnav_driver.egg-info/dependency_links.txt
[4.556s] writing entry points to ../../build/rosnav_driver/rosnav_driver.egg-info/entry_points.txt
[4.557s] writing requirements to ../../build/rosnav_driver/rosnav_driver.egg-info/requires.txt
[4.557s] writing top-level names to ../../build/rosnav_driver/rosnav_driver.egg-info/top_level.txt
[4.565s] reading manifest file '../../build/rosnav_driver/rosnav_driver.egg-info/SOURCES.txt'
[4.577s] writing manifest file '../../build/rosnav_driver/rosnav_driver.egg-info/SOURCES.txt'
[4.578s] running build
[4.579s] running build_py
[4.590s] running install
[4.592s] running install_lib
[4.602s] running install_data
[4.603s] running install_egg_info
[4.610s] removing '/home/anudeep/rosnav/ros2_ws/install/rosnav_driver/lib/python3.10/site-packages/rosnav_driver-1.0.0-py3.10.egg-info' (and everything under it)
[4.611s] Copying ../../build/rosnav_driver/rosnav_driver.egg-info to /home/anudeep/rosnav/ros2_ws/install/rosnav_driver/lib/python3.10/site-packages/rosnav_driver-1.0.0-py3.10.egg-info
[4.618s] running install_scripts
[4.696s] Installing serial_bridge script to /home/anudeep/rosnav/ros2_ws/install/rosnav_driver/lib/rosnav_driver
[4.698s] Installing waypoint_nav script to /home/anudeep/rosnav/ros2_ws/install/rosnav_driver/lib/rosnav_driver
[4.700s] writing list of installed files to '/home/anudeep/rosnav/ros2_ws/build/rosnav_driver/install.log'
[4.814s] Invoked command in '/home/anudeep/rosnav/ros2_ws/src/rosnav_driver' returned '0': PYTHONPATH=/home/anudeep/rosnav/ros2_ws/build/rosnav_driver/prefix_override:/usr/lib/python3/dist-packages/colcon_core/task/python/colcon_distutils_commands:/home/anudeep/rosnav/ros2_ws/install/rosnav_driver/lib/python3.10/site-packages:${PYTHONPATH} /usr/bin/python3 -W ignore:setup.py install is deprecated -W ignore:easy_install command is deprecated setup.py egg_info --egg-base ../../build/rosnav_driver build --build-base /home/anudeep/rosnav/ros2_ws/build/rosnav_driver/build install --record /home/anudeep/rosnav/ros2_ws/build/rosnav_driver/install.log --single-version-externally-managed install_data
