running egg_info
creating ../../build/rosnav_driver/rosnav_driver.egg-info
writing ../../build/rosnav_driver/rosnav_driver.egg-info/PKG-INFO
writing dependency_links to ../../build/rosnav_driver/rosnav_driver.egg-info/dependency_links.txt
writing entry points to ../../build/rosnav_driver/rosnav_driver.egg-info/entry_points.txt
writing requirements to ../../build/rosnav_driver/rosnav_driver.egg-info/requires.txt
writing top-level names to ../../build/rosnav_driver/rosnav_driver.egg-info/top_level.txt
writing manifest file '../../build/rosnav_driver/rosnav_driver.egg-info/SOURCES.txt'
reading manifest file '../../build/rosnav_driver/rosnav_driver.egg-info/SOURCES.txt'
writing manifest file '../../build/rosnav_driver/rosnav_driver.egg-info/SOURCES.txt'
running build
running build_py
creating /home/anudeep/rosnav/ros2_ws/build/rosnav_driver/build
creating /home/anudeep/rosnav/ros2_ws/build/rosnav_driver/build/lib
creating /home/anudeep/rosnav/ros2_ws/build/rosnav_driver/build/lib/rosnav_driver
copying rosnav_driver/__init__.py -> /home/anudeep/rosnav/ros2_ws/build/rosnav_driver/build/lib/rosnav_driver
copying rosnav_driver/serial_bridge.py -> /home/anudeep/rosnav/ros2_ws/build/rosnav_driver/build/lib/rosnav_driver
copying rosnav_driver/waypoint_nav.py -> /home/anudeep/rosnav/ros2_ws/build/rosnav_driver/build/lib/rosnav_driver
running install
running install_lib
creating /home/anudeep/rosnav/ros2_ws/install/rosnav_driver/lib/python3.10/site-packages/rosnav_driver
copying /home/anudeep/rosnav/ros2_ws/build/rosnav_driver/build/lib/rosnav_driver/__init__.py -> /home/anudeep/rosnav/ros2_ws/install/rosnav_driver/lib/python3.10/site-packages/rosnav_driver
copying /home/anudeep/rosnav/ros2_ws/build/rosnav_driver/build/lib/rosnav_driver/serial_bridge.py -> /home/anudeep/rosnav/ros2_ws/install/rosnav_driver/lib/python3.10/site-packages/rosnav_driver
copying /home/anudeep/rosnav/ros2_ws/build/rosnav_driver/build/lib/rosnav_driver/waypoint_nav.py -> /home/anudeep/rosnav/ros2_ws/install/rosnav_driver/lib/python3.10/site-packages/rosnav_driver
byte-compiling /home/anudeep/rosnav/ros2_ws/install/rosnav_driver/lib/python3.10/site-packages/rosnav_driver/__init__.py to __init__.cpython-310.pyc
byte-compiling /home/anudeep/rosnav/ros2_ws/install/rosnav_driver/lib/python3.10/site-packages/rosnav_driver/serial_bridge.py to serial_bridge.cpython-310.pyc
byte-compiling /home/anudeep/rosnav/ros2_ws/install/rosnav_driver/lib/python3.10/site-packages/rosnav_driver/waypoint_nav.py to waypoint_nav.cpython-310.pyc
running install_data
creating /home/anudeep/rosnav/ros2_ws/install/rosnav_driver/share/ament_index
creating /home/anudeep/rosnav/ros2_ws/install/rosnav_driver/share/ament_index/resource_index
creating /home/anudeep/rosnav/ros2_ws/install/rosnav_driver/share/ament_index/resource_index/packages
copying resource/rosnav_driver -> /home/anudeep/rosnav/ros2_ws/install/rosnav_driver/share/ament_index/resource_index/packages
copying package.xml -> /home/anudeep/rosnav/ros2_ws/install/rosnav_driver/share/rosnav_driver
running install_egg_info
Copying ../../build/rosnav_driver/rosnav_driver.egg-info to /home/anudeep/rosnav/ros2_ws/install/rosnav_driver/lib/python3.10/site-packages/rosnav_driver-1.0.0-py3.10.egg-info
running install_scripts
Installing serial_bridge script to /home/anudeep/rosnav/ros2_ws/install/rosnav_driver/lib/rosnav_driver
Installing waypoint_nav script to /home/anudeep/rosnav/ros2_ws/install/rosnav_driver/lib/rosnav_driver
writing list of installed files to '/home/anudeep/rosnav/ros2_ws/build/rosnav_driver/install.log'
