[2.509s] Invoking command in '/home/anudeep/rosnav/ros2_ws/src/rosnav_driver': PYTHONPATH=/home/anudeep/rosnav/ros2_ws/build/rosnav_driver/prefix_override:/usr/lib/python3/dist-packages/colcon_core/task/python/colcon_distutils_commands:/home/anudeep/rosnav/ros2_ws/install/rosnav_driver/lib/python3.10/site-packages:${PYTHONPATH} /usr/bin/python3 -W ignore:setup.py install is deprecated -W ignore:easy_install command is deprecated setup.py egg_info --egg-base ../../build/rosnav_driver build --build-base /home/anudeep/rosnav/ros2_ws/build/rosnav_driver/build install --record /home/anudeep/rosnav/ros2_ws/build/rosnav_driver/install.log --single-version-externally-managed install_data
[3.439s] running egg_info
[3.441s] creating ../../build/rosnav_driver/rosnav_driver.egg-info
[3.441s] writing ../../build/rosnav_driver/rosnav_driver.egg-info/PKG-INFO
[3.442s] writing dependency_links to ../../build/rosnav_driver/rosnav_driver.egg-info/dependency_links.txt
[3.443s] writing entry points to ../../build/rosnav_driver/rosnav_driver.egg-info/entry_points.txt
[3.444s] writing requirements to ../../build/rosnav_driver/rosnav_driver.egg-info/requires.txt
[3.444s] writing top-level names to ../../build/rosnav_driver/rosnav_driver.egg-info/top_level.txt
[3.445s] writing manifest file '../../build/rosnav_driver/rosnav_driver.egg-info/SOURCES.txt'
[3.451s] reading manifest file '../../build/rosnav_driver/rosnav_driver.egg-info/SOURCES.txt'
[3.454s] writing manifest file '../../build/rosnav_driver/rosnav_driver.egg-info/SOURCES.txt'
[3.455s] running build
[3.455s] running build_py
[3.456s] creating /home/anudeep/rosnav/ros2_ws/build/rosnav_driver/build
[3.456s] creating /home/anudeep/rosnav/ros2_ws/build/rosnav_driver/build/lib
[3.456s] creating /home/anudeep/rosnav/ros2_ws/build/rosnav_driver/build/lib/rosnav_driver
[3.457s] copying rosnav_driver/__init__.py -> /home/anudeep/rosnav/ros2_ws/build/rosnav_driver/build/lib/rosnav_driver
[3.457s] copying rosnav_driver/serial_bridge.py -> /home/anudeep/rosnav/ros2_ws/build/rosnav_driver/build/lib/rosnav_driver
[3.458s] copying rosnav_driver/waypoint_nav.py -> /home/anudeep/rosnav/ros2_ws/build/rosnav_driver/build/lib/rosnav_driver
[3.459s] running install
[3.460s] running install_lib
[3.464s] creating /home/anudeep/rosnav/ros2_ws/install/rosnav_driver/lib/python3.10/site-packages/rosnav_driver
[3.464s] copying /home/anudeep/rosnav/ros2_ws/build/rosnav_driver/build/lib/rosnav_driver/__init__.py -> /home/anudeep/rosnav/ros2_ws/install/rosnav_driver/lib/python3.10/site-packages/rosnav_driver
[3.465s] copying /home/anudeep/rosnav/ros2_ws/build/rosnav_driver/build/lib/rosnav_driver/serial_bridge.py -> /home/anudeep/rosnav/ros2_ws/install/rosnav_driver/lib/python3.10/site-packages/rosnav_driver
[3.466s] copying /home/anudeep/rosnav/ros2_ws/build/rosnav_driver/build/lib/rosnav_driver/waypoint_nav.py -> /home/anudeep/rosnav/ros2_ws/install/rosnav_driver/lib/python3.10/site-packages/rosnav_driver
[3.468s] byte-compiling /home/anudeep/rosnav/ros2_ws/install/rosnav_driver/lib/python3.10/site-packages/rosnav_driver/__init__.py to __init__.cpython-310.pyc
[3.469s] byte-compiling /home/anudeep/rosnav/ros2_ws/install/rosnav_driver/lib/python3.10/site-packages/rosnav_driver/serial_bridge.py to serial_bridge.cpython-310.pyc
[3.475s] byte-compiling /home/anudeep/rosnav/ros2_ws/install/rosnav_driver/lib/python3.10/site-packages/rosnav_driver/waypoint_nav.py to waypoint_nav.cpython-310.pyc
[3.478s] running install_data
[3.479s] creating /home/anudeep/rosnav/ros2_ws/install/rosnav_driver/share/ament_index
[3.479s] creating /home/anudeep/rosnav/ros2_ws/install/rosnav_driver/share/ament_index/resource_index
[3.479s] creating /home/anudeep/rosnav/ros2_ws/install/rosnav_driver/share/ament_index/resource_index/packages
[3.480s] copying resource/rosnav_driver -> /home/anudeep/rosnav/ros2_ws/install/rosnav_driver/share/ament_index/resource_index/packages
[3.480s] copying package.xml -> /home/anudeep/rosnav/ros2_ws/install/rosnav_driver/share/rosnav_driver
[3.481s] running install_egg_info
[3.487s] Copying ../../build/rosnav_driver/rosnav_driver.egg-info to /home/anudeep/rosnav/ros2_ws/install/rosnav_driver/lib/python3.10/site-packages/rosnav_driver-1.0.0-py3.10.egg-info
[3.492s] running install_scripts
[3.569s] Installing serial_bridge script to /home/anudeep/rosnav/ros2_ws/install/rosnav_driver/lib/rosnav_driver
[3.570s] Installing waypoint_nav script to /home/anudeep/rosnav/ros2_ws/install/rosnav_driver/lib/rosnav_driver
[3.571s] writing list of installed files to '/home/anudeep/rosnav/ros2_ws/build/rosnav_driver/install.log'
[3.685s] Invoked command in '/home/anudeep/rosnav/ros2_ws/src/rosnav_driver' returned '0': PYTHONPATH=/home/anudeep/rosnav/ros2_ws/build/rosnav_driver/prefix_override:/usr/lib/python3/dist-packages/colcon_core/task/python/colcon_distutils_commands:/home/anudeep/rosnav/ros2_ws/install/rosnav_driver/lib/python3.10/site-packages:${PYTHONPATH} /usr/bin/python3 -W ignore:setup.py install is deprecated -W ignore:easy_install command is deprecated setup.py egg_info --egg-base ../../build/rosnav_driver build --build-base /home/anudeep/rosnav/ros2_ws/build/rosnav_driver/build install --record /home/anudeep/rosnav/ros2_ws/build/rosnav_driver/install.log --single-version-externally-managed install_data
